xjyutping> 我ngo5:w哋dei6:w |去heoi3:s |銀ngan4:w行hong4:w |
xjyutping> 行haang4:w路lou6:w |返faan1:w屋uk1:w企kei2:w |
xjyutping> 校haau6:w長zoeng2:w |喺hai2:s |學hok6:w校haau6:w |長zoeng2:w大daai6:w |
xjyutping> 因jan1:w為wai6:w |佢keoi5:s |喺hai2:w裡leoi5:w面min6:w |講gong2:s |嘅ge3:s |説syut3:w話waa6:w |
xjyutping> 銀ngan4:w行hong4:w |同tung4:s |校haau6:w長zoeng2:w |
xjyutping> 註zyu3:w腳goek3:w |
xjyutping> 佢keoi5:s |去heoi3:s |銀ngan4:w行hong4:w |
xjyutping> 你nei5:w呢ne1:w |
xjyutping> 呢ni1:m(nei4 ne1 le1 nei1) |張zoeng1:w床cong4:w |好hou2:w平peng4:w |
xjyutping> 今gam1:w晚maan5:w會wui5:w |落lok6:w雨jyu5:w |
xjyutping> 銀ngan4:w行hong4:w |同tung4:s |行haang4:w路lou6:w |
xjyutping> 見gin3:s |
xjyutping> 同tung4:s |
xjyutping> 聽ting1:w日jat6:w |嚟lai4:m(lei4) |
xjyutping> 佢keoi5:s |重cung5:m(zung6 cung4) |未mei6:s |嚟lai4:m(lei4) |
xjyutping> 佢keoi5:s |重zung6:u |未mei6:s |嚟lai4:m(lei4) |
